<?xml version="1.0" encoding="UTF-8"?>
<decathlon>
  <decathlete>
    <name>James Strong</name>
    <place>1-2</place>
    <totalscore>9992</totalscore>
    <hundredmeters>10.395</hundredmeters>
    <longjump>7.76</longjump>
    <shotput>18.4</shotput>
    <highjump>2.2</highjump>
    <fourhundred>46.17</fourhundred>
    <hurdles>13.8</hurdles>
    <discusthrow>56.17</discusthrow>
    <polevault>5.28</polevault>
    <javelinthrow>77.19</javelinthrow>
    <thousehalf>3.53.79</thousehalf>
  </decathlete>
  <decathlete>
    <name>Bill Armstrong</name>
    <place>1-2</place>
    <totalscore>9992</totalscore>
    <hundredmeters>10.395</hundredmeters>
    <longjump>7.76</longjump>
    <shotput>18.4</shotput>
    <highjump>2.2</highjump>
    <fourhundred>46.17</fourhundred>
    <hurdles>13.8</hurdles>
    <discusthrow>56.17</discusthrow>
    <polevault>5.28</polevault>
    <javelinthrow>77.19</javelinthrow>
    <thousehalf>3.53.79</thousehalf>
  </decathlete>
  <decathlete>
    <name>John Smith</name>
    <place>3</place>
    <totalscore>4205</totalscore>
    <hundredmeters>12.61</hundredmeters>
    <longjump>5.0</longjump>
    <shotput>9.22</shotput>
    <highjump>1.5</highjump>
    <fourhundred>60.39</fourhundred>
    <hurdles>16.43</hurdles>
    <discusthrow>21.6</discusthrow>
    <polevault>2.6</polevault>
    <javelinthrow>35.81</javelinthrow>
    <thousehalf>5.25.72</thousehalf>
  </decathlete>
  <decathlete>
    <name>John Smith2</name>
    <place>4</place>
    <totalscore>4028</totalscore>
    <hundredmeters>12.61</hundredmeters>
    <longjump>4.0</longjump>
    <shotput>9.22</shotput>
    <highjump>1.5</highjump>
    <fourhundred>60.38</fourhundred>
    <hurdles>16.43</hurdles>
    <discusthrow>21.6</discusthrow>
    <polevault>2.6</polevault>
    <javelinthrow>35.81</javelinthrow>
    <thousehalf>5.25.72</thousehalf>
  </decathlete>
  <decathlete>
    <name>Jaan Lepp3</name>
    <place>5</place>
    <totalscore>3699</totalscore>
    <hundredmeters>13.75</hundredmeters>
    <longjump>5.84</longjump>
    <shotput>10.12</shotput>
    <highjump>1.5</highjump>
    <fourhundred>68.44</fourhundred>
    <hurdles>19.18</hurdles>
    <discusthrow>30.85</discusthrow>
    <polevault>2.8</polevault>
    <javelinthrow>33.87</javelinthrow>
    <thousehalf>6.22.75</thousehalf>
  </decathlete>
  <decathlete>
    <name>Jaan Lepp12</name>
    <place>6</place>
    <totalscore>3560</totalscore>
    <hundredmeters>13.75</hundredmeters>
    <longjump>4.84</longjump>
    <shotput>11.12</shotput>
    <highjump>1.5</highjump>
    <fourhundred>68.45</fourhundred>
    <hurdles>19.18</hurdles>
    <discusthrow>30.85</discusthrow>
    <polevault>2.8</polevault>
    <javelinthrow>33.88</javelinthrow>
    <thousehalf>6.22.75</thousehalf>
  </decathlete>
  <decathlete>
    <name>Jaan Lepp1</name>
    <place>7</place>
    <totalscore>3499</totalscore>
    <hundredmeters>13.75</hundredmeters>
    <longjump>4.84</longjump>
    <shotput>10.12</shotput>
    <highjump>1.5</highjump>
    <fourhundred>68.44</fourhundred>
    <hurdles>19.18</hurdles>
    <discusthrow>30.85</discusthrow>
    <polevault>2.8</polevault>
    <javelinthrow>33.88</javelinthrow>
    <thousehalf>6.22.75</thousehalf>
  </decathlete>
  <decathlete>
    <name>Jane Doe2</name>
    <place>8</place>
    <totalscore>3387</totalscore>
    <hundredmeters>12.04</hundredmeters>
    <longjump>4.53</longjump>
    <shotput>7.79</shotput>
    <highjump>1.55</highjump>
    <fourhundred>64.72</fourhundred>
    <hurdles>18.74</hurdles>
    <discusthrow>24.2</discusthrow>
    <polevault>2.4</polevault>
    <javelinthrow>28.2</javelinthrow>
    <thousehalf>6.50.76</thousehalf>
  </decathlete>
  <decathlete>
    <name>Jaan Lepp2</name>
    <place>9</place>
    <totalscore>3327</totalscore>
    <hundredmeters>13.75</hundredmeters>
    <longjump>3.84</longjump>
    <shotput>10.12</shotput>
    <highjump>1.5</highjump>
    <fourhundred>68.44</fourhundred>
    <hurdles>19.18</hurdles>
    <discusthrow>30.85</discusthrow>
    <polevault>2.8</polevault>
    <javelinthrow>33.88</javelinthrow>
    <thousehalf>6.22.75</thousehalf>
  </decathlete>
  <decathlete>
    <name>Jane Doe</name>
    <place>10</place>
    <totalscore>3205</totalscore>
    <hundredmeters>13.04</hundredmeters>
    <longjump>4.53</longjump>
    <shotput>7.79</shotput>
    <highjump>1.55</highjump>
    <fourhundred>64.72</fourhundred>
    <hurdles>18.74</hurdles>
    <discusthrow>24.2</discusthrow>
    <polevault>2.4</polevault>
    <javelinthrow>28.2</javelinthrow>
    <thousehalf>6.50.76</thousehalf>
  </decathlete>
  <decathlete>
    <name>Foo Bar</name>
    <place>11-12</place>
    <totalscore>3104</totalscore>
    <hundredmeters>13.43</hundredmeters>
    <longjump>4.35</longjump>
    <shotput>8.64</shotput>
    <highjump>1.5</highjump>
    <fourhundred>66.06</fourhundred>
    <hurdles>19.05</hurdles>
    <discusthrow>24.89</discusthrow>
    <polevault>2.2</polevault>
    <javelinthrow>33.48</javelinthrow>
    <thousehalf>6.51.01</thousehalf>
  </decathlete>
  <decathlete>
    <name>Foo Bar2</name>
    <place>11-12</place>
    <totalscore>3104</totalscore>
    <hundredmeters>13.43</hundredmeters>
    <longjump>4.35</longjump>
    <shotput>8.64</shotput>
    <highjump>1.5</highjump>
    <fourhundred>66.06</fourhundred>
    <hurdles>19.05</hurdles>
    <discusthrow>24.89</discusthrow>
    <polevault>2.2</polevault>
    <javelinthrow>33.48</javelinthrow>
    <thousehalf>6.51.00</thousehalf>
  </decathlete>
</decathlon>